
Dell@DESKTOP-LCGGP9O MINGW64 ~/OneDrive/Desktop/git
$ git init
Initialized empty Git repository in C:/Users/Dell/OneDrive/Desktop/git/.git/

Dell@DESKTOP-LCGGP9O MINGW64 ~/OneDrive/Desktop/git (master)
$ git config --global user.name "sayedbasha"

Dell@DESKTOP-LCGGP9O MINGW64 ~/OneDrive/Desktop/git (master)
$ git config --global user.email "sayedbasha996@gmail.com"

Dell@DESKTOP-LCGGP9O MINGW64 ~/OneDrive/Desktop/git (master)
$ git pull https://github.com/sayed-basha/centralgit.git
fatal: couldn't find remote ref HEAD

Dell@DESKTOP-LCGGP9O MINGW64 ~/OneDrive/Desktop/git (master)
$ git add README.md
fatal: pathspec 'README.md' did not match any files

Dell@DESKTOP-LCGGP9O MINGW64 ~/OneDrive/Desktop/git (master)
$ ls
provider.tf

Dell@DESKTOP-LCGGP9O MINGW64 ~/OneDrive/Desktop/git (master)
$ add provider.tf
bash: add: command not found

Dell@DESKTOP-LCGGP9O MINGW64 ~/OneDrive/Desktop/git (master)
$ git add provider.tf

Dell@DESKTOP-LCGGP9O MINGW64 ~/OneDrive/Desktop/git (master)
$ git commit -m "adding provider file"
[master (root-commit) cb6e68d] adding provider file
 1 file changed, 4 insertions(+)
 create mode 100644 provider.tf

Dell@DESKTOP-LCGGP9O MINGW64 ~/OneDrive/Desktop/git (master)
$ git branch -M main

Dell@DESKTOP-LCGGP9O MINGW64 ~/OneDrive/Desktop/git (main)
$ git remote add origin https://github.com/sayed-basha/centralgit.git

Dell@DESKTOP-LCGGP9O MINGW64 ~/OneDrive/Desktop/git (main)
$ ls
provider.tf

Dell@DESKTOP-LCGGP9O MINGW64 ~/OneDrive/Desktop/git (main)
$ git checkout -b bhasha
Switched to a new branch 'bhasha'

Dell@DESKTOP-LCGGP9O MINGW64 ~/OneDrive/Desktop/git (bhasha)
$ git status
On branch bhasha
Untracked files:
  (use "git add <file>..." to include in what will be committed)
        ansible.tf

nothing added to commit but untracked files present (use "git add" to track)

Dell@DESKTOP-LCGGP9O MINGW64 ~/OneDrive/Desktop/git (bhasha)
$ git add ansible.tf

Dell@DESKTOP-LCGGP9O MINGW64 ~/OneDrive/Desktop/git (bhasha)
$ git status
On branch bhasha
Changes to be committed:
  (use "git restore --staged <file>..." to unstage)
        new file:   ansible.tf


Dell@DESKTOP-LCGGP9O MINGW64 ~/OneDrive/Desktop/git (bhasha)
$ git commit -m "adding ansible file"
[bhasha 456bbc4] adding ansible file
 1 file changed, 10 insertions(+)
 create mode 100644 ansible.tf

Dell@DESKTOP-LCGGP9O MINGW64 ~/OneDrive/Desktop/git (bhasha)
$ git push
fatal: The current branch bhasha has no upstream branch.
To push the current branch and set the remote as upstream, use

    git push --set-upstream origin bhasha

To have this happen automatically for branches without a tracking
upstream, see 'push.autoSetupRemote' in 'git help config'.


Dell@DESKTOP-LCGGP9O MINGW64 ~/OneDrive/Desktop/git (bhasha)
$ git push --set-upstream origin bhasha
Enumerating objects: 6, done.
Counting objects: 100% (6/6), done.
Delta compression using up to 12 threads
Compressing objects: 100% (4/4), done.
Writing objects: 100% (6/6), 652 bytes | 652.00 KiB/s, done.
Total 6 (delta 0), reused 0 (delta 0), pack-reused 0
To https://github.com/sayed-basha/centralgit.git
 * [new branch]      bhasha -> bhasha
branch 'bhasha' set up to track 'origin/bhasha'.

Dell@DESKTOP-LCGGP9O MINGW64 ~/OneDrive/Desktop/git (bhasha)
$ vi ansible.tf

Dell@DESKTOP-LCGGP9O MINGW64 ~/OneDrive/Desktop/git (bhasha)
$ git status
On branch bhasha
Your branch is up to date with 'origin/bhasha'.

Changes not staged for commit:
  (use "git add <file>..." to update what will be committed)
  (use "git restore <file>..." to discard changes in working directory)
        modified:   ansible.tf

no changes added to commit (use "git add" and/or "git commit -a")

Dell@DESKTOP-LCGGP9O MINGW64 ~/OneDrive/Desktop/git (bhasha)
$ git add ansible.tf

Dell@DESKTOP-LCGGP9O MINGW64 ~/OneDrive/Desktop/git (bhasha)
$ git commit -m "adding ansible new changes in the file"
[bhasha 91f37be] adding ansible new changes in the file
 1 file changed, 2 insertions(+), 1 deletion(-)

Dell@DESKTOP-LCGGP9O MINGW64 ~/OneDrive/Desktop/git (bhasha)
$ git status
On branch bhasha
Your branch is ahead of 'origin/bhasha' by 1 commit.
  (use "git push" to publish your local commits)

nothing to commit, working tree clean

Dell@DESKTOP-LCGGP9O MINGW64 ~/OneDrive/Desktop/git (bhasha)
$ git push
Enumerating objects: 5, done.
Counting objects: 100% (5/5), done.
Delta compression using up to 12 threads
Compressing objects: 100% (3/3), done.
Writing objects: 100% (3/3), 353 bytes | 353.00 KiB/s, done.
Total 3 (delta 1), reused 0 (delta 0), pack-reused 0
remote: Resolving deltas: 100% (1/1), completed with 1 local object.
To https://github.com/sayed-basha/centralgit.git
   456bbc4..91f37be  bhasha -> bhasha

Dell@DESKTOP-LCGGP9O MINGW64 ~/OneDrive/Desktop/git (bhasha)
$
